------------------------------------------------------------
Timing Analyzer Summary
------------------------------------------------------------

Type  : Slow 1100mV 85C Model Setup 'clk'
Slack : -4.466
TNS   : -98.126

Type  : Slow 1100mV 85C Model Hold 'clk'
Slack : 0.353
TNS   : 0.000

Type  : Slow 1100mV 85C Model Minimum Pulse Width 'clk'
Slack : -0.394
TNS   : -51.249

Type  : Slow 1100mV 0C Model Setup 'clk'
Slack : -4.314
TNS   : -95.766

Type  : Slow 1100mV 0C Model Hold 'clk'
Slack : 0.335
TNS   : 0.000

Type  : Slow 1100mV 0C Model Minimum Pulse Width 'clk'
Slack : -0.394
TNS   : -56.027

Type  : Fast 1100mV 85C Model Setup 'clk'
Slack : -2.148
TNS   : -43.613

Type  : Fast 1100mV 85C Model Hold 'clk'
Slack : 0.208
TNS   : 0.000

Type  : Fast 1100mV 85C Model Minimum Pulse Width 'clk'
Slack : -0.081
TNS   : -7.596

Type  : Fast 1100mV 0C Model Setup 'clk'
Slack : -1.890
TNS   : -37.504

Type  : Fast 1100mV 0C Model Hold 'clk'
Slack : 0.189
TNS   : 0.000

Type  : Fast 1100mV 0C Model Minimum Pulse Width 'clk'
Slack : -0.082
TNS   : -7.807

------------------------------------------------------------
